rows 33
cols 58
players 2

m %%%%%%%%%%%%%%%%%%%%%%%%%%%%%%%%%%%%%%%%%%%%%%%%%%%%%%%%%%
m %%%%%0%............................................%1%%%%%
m %%%%%%%............................................%%%%%%%
m %%%%%................................................%%%%%
m %%%%%................................................%%%%%
m %%%%%................................................%%%%%
m %%%%%................................................%%%%%
m %%%%%....aaaa.....bbbb...............................%%%%%
m %%%%%....aaaa.....bbbb...............................%%%%%
m %%%%%....aaaa.....bbbb...............................%%%%%
m %%%%%....aaaa.....bbbb...............................%%%%%
m %%%%%....aaaa.....bbbb...............................%%%%%
m %%%%%....aaaa.....bbbb...............................%%%%%
m %%%%%....aaaa.....bbbb...............................%%%%%
m %%%%%....aaaa.....bbbb...............................%%%%%
m %%%%%....aaaa.....bbbb...............................%%%%%
m %%%%%....aaaa.....bbbb...............................%%%%%
m %%%%%....aaaa.....bbbb...............................%%%%%
m %%%%%....aaaa.....bbbb...............................%%%%%
m %%%%%....aaaa.....bbbb...............................%%%%%
m %%%%%....aaaa.....bbbb...............................%%%%%
m %%%%%....aaaa.....bbbb...............................%%%%%
m %%%%%....aaaa.....bbbb...............................%%%%%
m %%%%%................................................%%%%%
m %%%%%................................................%%%%%
m %%%%%................................................%%%%%
m %%%%%................................................%%%%%
m %%%%%................................................%%%%%
m %%%%%................................................%%%%%
m %%%%%................................................%%%%%
m %%%%%................................................%%%%%
m %%%%%................................................%%%%%
m %%%%%%%%%%%%%%%%%%%%%%%%%%%%%%%%%%%%%%%%%%%%%%%%%%%%%%%%%%